ffmpeg version N-118321-g4c96d6bf75-20250118 Copyright (c) 2000-2025 the FFmpeg developers
  built with gcc 14.2.0 (crosstool-NG 1.26.0.120_4d36f27)
  configuration: --prefix=/ffbuild/prefix --pkg-config-flags=--static --pkg-config=pkg-config --cross-prefix=x86_64-w64-mingw32- --arch=x86_64 --target-os=mingw32 --enable-gpl --enable-version3 --disable-debug --enable-shared --disable-static --disable-w32threads --enable-pthreads --enable-iconv --enable-zlib --enable-libfreetype --enable-libfribidi --enable-gmp --enable-libxml2 --enable-lzma --enable-fontconfig --enable-libharfbuzz --enable-libvorbis --enable-opencl --disable-libpulse --enable-libvmaf --disable-libxcb --disable-xlib --enable-amf --enable-libaom --enable-libaribb24 --enable-avisynth --enable-chromaprint --enable-libdav1d --enable-libdavs2 --enable-libdvdread --enable-libdvdnav --disable-libfdk-aac --enable-ffnvcodec --enable-cuda-llvm --enable-frei0r --enable-libgme --enable-libkvazaar --enable-libaribcaption --enable-libass --enable-libbluray --enable-libjxl --enable-libmp3lame --enable-libopus --enable-librist --enable-libssh --enable-libtheora --enable-libvpx --enable-libwebp --enable-libzmq --enable-lv2 --enable-libvpl --enable-openal --enable-libopencore-amrnb --enable-libopencore-amrwb --enable-libopenh264 --enable-libopenjpeg --enable-libopenmpt --enable-librav1e --enable-librubberband --enable-schannel --enable-sdl2 --enable-libsnappy --enable-libsoxr --enable-libsrt --enable-libsvtav1 --enable-libtwolame --enable-libuavs3d --disable-libdrm --enable-vaapi --enable-libvidstab --enable-vulkan --enable-libshaderc --enable-libplacebo --disable-libvvenc --enable-libx264 --enable-libx265 --enable-libxavs2 --enable-libxvid --enable-libzimg --enable-libzvbi --extra-cflags=-DLIBTWOLAME_STATIC --extra-cxxflags= --extra-libs=-lgomp --extra-ldflags=-pthread --extra-ldexeflags= --cc=x86_64-w64-mingw32-gcc --cxx=x86_64-w64-mingw32-g++ --ar=x86_64-w64-mingw32-gcc-ar --ranlib=x86_64-w64-mingw32-gcc-ranlib --nm=x86_64-w64-mingw32-gcc-nm --extra-version=20250118
  libavutil      59. 55.100 / 59. 55.100
  libavcodec     61. 31.101 / 61. 31.101
  libavformat    61.  9.106 / 61.  9.106
  libavdevice    61.  4.100 / 61.  4.100
  libavfilter    10.  6.101 / 10.  6.101
  libswscale      8. 13.100 /  8. 13.100
  libswresample   5.  4.100 /  5.  4.100
  libpostproc    58.  4.100 / 58.  4.100
Input #0, matroska,webm, from 'artifacts\agentreplay-calendar-divergence-demo.webm':
  Metadata:
    ENCODER         : Lavf61.1.100
  Duration: 00:00:24.84, start: 0.000000, bitrate: 454 kb/s
  Stream #0:0: Video: vp8, yuv420p(progressive), 1364x900, SAR 1:1 DAR 341:225, 25 fps, 25 tbr, 1k tbn
    Metadata:
      ENCODER         : Lavc61.3.100 libvpx
      DURATION        : 00:00:24.840000000
Stream mapping:
  Stream #0:0 -> #0:0 (vp8 (native) -> gif (native))
Press [q] to stop, [?] for help
Output #0, gif, to 'artifacts\agentreplay-calendar-divergence-demo.gif':
  Metadata:
    encoder         : Lavf61.9.106
  Stream #0:0: Video: gif, bgr8(pc, gbr/unknown/unknown, progressive), 960x633 [SAR 71951:72000 DAR 341:225], q=2-31, 200 kb/s, 6 fps, 100 tbn
    Metadata:
      encoder         : Lavc61.31.101 gif
      DURATION        : 00:00:24.840000000
[out#0/gif @ 000002b618e6b340] video:866KiB audio:0KiB subtitle:0KiB other streams:0KiB global headers:0KiB muxing overhead: 0.002255%
frame=  149 fps=0.0 q=-0.0 Lsize=     866KiB time=00:00:24.83 bitrate= 285.8kbits/s speed=62.3x    
